   Qt/MSBuild: 3.3.1.1
  Reading Qt configuration (D:/Qt/6.3.2/msvc2019_64/bin/qmake)
   Qt: 6.3.2
  uic form\MatchingFeatureEvaluation.ui
  uic form\ParameterEvaluation.ui
  uic form\StemCurveEvaluation.ui
  rcc resourece\ParameterEvaluation.qrc
  moc include\FormSettings.h
  moc include\StemCurveEvaluation.h
  moc include\ParameterEvaluation.h
  moc include\MatchingFeatureEvaluation.h
  FormSettings.cpp
  KDTree.cpp
  main.cpp
  MatchingFeature.cpp
  MatchingFeatureEvaluation.cpp
  ParameterEvaluation.cpp
  Relationship.cpp
  StemCurve.cpp
  StemCurveEvaluation.cpp
  moc_osgQOpenGLWidget.cpp
  moc_OSGRenderer.cpp
E:\Programming\ParameterEvaluation\ParameterEvaluation\src\ParameterEvaluation.cpp(60,17): warning C4834: 放弃具有 [[nodiscard]] 属性的函数的返回值
E:\Programming\ParameterEvaluation\ParameterEvaluation\src\ParameterEvaluation.cpp(61,17): warning C4834: 放弃具有 [[nodiscard]] 属性的函数的返回值
  qrc_ParameterEvaluation.cpp
  moc_FormSettings.cpp
  moc_StemCurveEvaluation.cpp
  moc_ParameterEvaluation.cpp
  moc_MatchingFeatureEvaluation.cpp
    正在创建库 E:\Programming\ParameterEvaluation\x64\Release\ParameterEvaluation.lib 和对象 E:\Programming\ParameterEvaluation\x64\Release\ParameterEvaluation.exp
  ParameterEvaluation.vcxproj -> E:\Programming\ParameterEvaluation\x64\Release\ParameterEvaluation.exe
