e:\programming\parameterevaluation\parameterevaluation\x64\release\moc_osgrenderer.obj
e:\programming\parameterevaluation\parameterevaluation\x64\release\moc_osgqopenglwidget.obj
e:\programming\parameterevaluation\parameterevaluation\x64\release\parameterevaluation.obj
e:\programming\parameterevaluation\parameterevaluation\x64\release\main.obj
e:\programming\parameterevaluation\parameterevaluation\x64\release\matchingfeatureevaluation.obj
e:\programming\parameterevaluation\parameterevaluation\x64\release\matchingfeature.obj
e:\programming\parameterevaluation\parameterevaluation\x64\release\stemcurveevaluation.obj
e:\programming\parameterevaluation\parameterevaluation\x64\release\formsettings.obj
e:\programming\parameterevaluation\parameterevaluation\x64\release\relationship.obj
e:\programming\parameterevaluation\parameterevaluation\x64\release\stemcurve.obj
e:\programming\parameterevaluation\parameterevaluation\x64\release\kdtree.obj
e:\programming\parameterevaluation\parameterevaluation\x64\release\qrc_parameterevaluation.obj
e:\programming\parameterevaluation\parameterevaluation\x64\release\moc_formsettings.obj
e:\programming\parameterevaluation\parameterevaluation\x64\release\moc_parameterevaluation.obj
e:\programming\parameterevaluation\parameterevaluation\x64\release\moc_matchingfeatureevaluation.obj
e:\programming\parameterevaluation\parameterevaluation\x64\release\moc_stemcurveevaluation.obj
e:\programming\parameterevaluation\x64\release\parameterevaluation.lib
e:\programming\parameterevaluation\x64\release\parameterevaluation.exp
e:\programming\parameterevaluation\x64\release\parameterevaluation.exe
e:\programming\parameterevaluation\parameterevaluation\x64\release\qt\moc\moc_formsettings.cpp
e:\programming\parameterevaluation\parameterevaluation\x64\release\uic\ui_matchingfeatureevaluation.h
e:\programming\parameterevaluation\parameterevaluation\x64\release\uic\ui_parameterevaluation.h
e:\programming\parameterevaluation\parameterevaluation\x64\release\uic\ui_stemcurveevaluation.h
e:\programming\parameterevaluation\parameterevaluation\x64\release\rcc\qrc_parameterevaluation.cpp
e:\programming\parameterevaluation\parameterevaluation\x64\release\moc\moc_formsettings.cpp
e:\programming\parameterevaluation\parameterevaluation\x64\release\moc\moc_stemcurveevaluation.cpp
e:\programming\parameterevaluation\parameterevaluation\x64\release\moc\moc_parameterevaluation.cpp
e:\programming\parameterevaluation\parameterevaluation\x64\release\moc\moc_matchingfeatureevaluation.cpp
e:\programming\parameterevaluation\parameterevaluation\x64\release\qt\uic\ui_matchingfeatureevaluation.h
e:\programming\parameterevaluation\parameterevaluation\x64\release\qt\uic\ui_parameterevaluation.h
e:\programming\parameterevaluation\parameterevaluation\x64\release\qt\uic\ui_stemcurveevaluation.h
e:\programming\parameterevaluation\parameterevaluation\x64\release\qt\rcc\qrc_parameterevaluation.cpp
e:\programming\parameterevaluation\parameterevaluation\x64\release\qt\moc\moc_stemcurveevaluation.cpp
e:\programming\parameterevaluation\parameterevaluation\x64\release\qt\moc\moc_parameterevaluation.cpp
e:\programming\parameterevaluation\parameterevaluation\x64\release\qt\moc\moc_matchingfeatureevaluation.cpp
e:\programming\parameterevaluation\parameterevaluation\x64\release\parameterevaluation.res
e:\programming\parameterevaluation\parameterevaluation\x64\release\paramete.bafb8e0b.tlog\cl.command.1.tlog
e:\programming\parameterevaluation\parameterevaluation\x64\release\paramete.bafb8e0b.tlog\cl.items.tlog
e:\programming\parameterevaluation\parameterevaluation\x64\release\paramete.bafb8e0b.tlog\cl.read.1.tlog
e:\programming\parameterevaluation\parameterevaluation\x64\release\paramete.bafb8e0b.tlog\cl.write.1.tlog
e:\programming\parameterevaluation\parameterevaluation\x64\release\paramete.bafb8e0b.tlog\link.command.1.tlog
e:\programming\parameterevaluation\parameterevaluation\x64\release\paramete.bafb8e0b.tlog\link.read.1.tlog
e:\programming\parameterevaluation\parameterevaluation\x64\release\paramete.bafb8e0b.tlog\link.secondary.1.tlog
e:\programming\parameterevaluation\parameterevaluation\x64\release\paramete.bafb8e0b.tlog\link.write.1.tlog
e:\programming\parameterevaluation\parameterevaluation\x64\release\paramete.bafb8e0b.tlog\moc.read.1u.tlog
e:\programming\parameterevaluation\parameterevaluation\x64\release\paramete.bafb8e0b.tlog\moc.write.1u.tlog
e:\programming\parameterevaluation\parameterevaluation\x64\release\paramete.bafb8e0b.tlog\parameterevaluation.write.1u.tlog
e:\programming\parameterevaluation\parameterevaluation\x64\release\paramete.bafb8e0b.tlog\rc.command.1.tlog
e:\programming\parameterevaluation\parameterevaluation\x64\release\paramete.bafb8e0b.tlog\rc.read.1.tlog
e:\programming\parameterevaluation\parameterevaluation\x64\release\paramete.bafb8e0b.tlog\rc.write.1.tlog
e:\programming\parameterevaluation\parameterevaluation\x64\release\paramete.bafb8e0b.tlog\rcc.read.1u.tlog
e:\programming\parameterevaluation\parameterevaluation\x64\release\paramete.bafb8e0b.tlog\rcc.write.1u.tlog
e:\programming\parameterevaluation\parameterevaluation\x64\release\paramete.bafb8e0b.tlog\uic.read.1u.tlog
e:\programming\parameterevaluation\parameterevaluation\x64\release\paramete.bafb8e0b.tlog\uic.write.1u.tlog
